Copyright 1986-2017 Xilinx, Inc. All Rights Reserved.
--------------------------------------------------------------------------------------------
| Tool Version : Vivado v.2017.4 (win64) Build 2086221 Fri Dec 15 20:55:39 MST 2017
| Date         : Thu Dec 15 02:56:34 2022
| Host         : MaysternLaptop running 64-bit major release  (build 9200)
| Command      : report_control_sets -verbose -file SimulatedDevice_control_sets_placed.rpt
| Design       : SimulatedDevice
| Device       : xc7a35t
--------------------------------------------------------------------------------------------

Control Set Information

Table of Contents
-----------------
1. Summary
2. Flip-Flop Distribution
3. Detailed Control Set Information

1. Summary
----------

+----------------------------------------------------------+-------+
|                          Status                          | Count |
+----------------------------------------------------------+-------+
| Number of unique control sets                            |    32 |
| Unused register locations in slices containing registers |   104 |
+----------------------------------------------------------+-------+


2. Flip-Flop Distribution
-------------------------

+--------------+-----------------------+------------------------+-----------------+--------------+
| Clock Enable | Synchronous Set/Reset | Asynchronous Set/Reset | Total Registers | Total Slices |
+--------------+-----------------------+------------------------+-----------------+--------------+
| No           | No                    | No                     |              45 |           20 |
| No           | No                    | Yes                    |               0 |            0 |
| No           | Yes                   | No                     |             229 |           61 |
| Yes          | No                    | No                     |              57 |           23 |
| Yes          | No                    | Yes                    |               0 |            0 |
| Yes          | Yes                   | No                     |              53 |           15 |
+--------------+-----------------------+------------------------+-----------------+--------------+


3. Detailed Control Set Information
-----------------------------------

+-----------------------+-------------------------------------------+------------------------------------------------+------------------+----------------+
|      Clock Signal     |               Enable Signal               |                Set/Reset Signal                | Slice Load Count | Bel Load Count |
+-----------------------+-------------------------------------------+------------------------------------------------+------------------+----------------+
|  sys_clk_IBUF_BUFG    |                                           | manual_device/FSM_onehot_state_reg_n_0_[0]     |                1 |              1 |
|  sys_clk_IBUF_BUFG    | manual_device/manual_not_starting_i_1_n_0 | manual_device/FSM_onehot_state_reg_n_0_[0]     |                1 |              1 |
|  sys_clk_IBUF_BUFG    | manual_device/reverse_shutdown            |                                                |                1 |              1 |
|  md/my_divclk/clk_ms  |                                           |                                                |                1 |              1 |
|  md/my_divclk/clk_16x | md/rx/rxd1_i_1_n_0                        |                                                |                1 |              1 |
|  sys_clk_IBUF_BUFG    |                                           | manual_device/FSM_onehot_state_reg_n_0_[2]     |                1 |              2 |
|  md/my_divclk/clk_x   |                                           |                                                |                2 |              3 |
|  sys_clk_IBUF_BUFG    | manual_device/om/nums[15]_i_1_n_0         |                                                |                2 |              4 |
|  sys_clk_IBUF_BUFG    | manual_device/om/nums[11]_i_1_n_0         |                                                |                2 |              4 |
|  sys_clk_IBUF_BUFG    | manual_device/om/nums[31]_i_1_n_0         |                                                |                1 |              4 |
|  sys_clk_IBUF_BUFG    | manual_device/om/nums[23]_i_1_n_0         | manual_device/FSM_onehot_state_reg_n_0_[0]     |                1 |              4 |
|  sys_clk_IBUF_BUFG    | manual_device/om/nums[7]_i_1_n_0          |                                                |                2 |              4 |
|  sys_clk_IBUF_BUFG    | manual_device/om/nums[27]_i_1_n_0         |                                                |                1 |              4 |
|  sys_clk_IBUF_BUFG    | manual_device/om/nums[3]_i_1_n_0          |                                                |                3 |              4 |
|  sys_clk_IBUF_BUFG    | manual_device/om/sw1_2                    |                                                |                2 |              4 |
|  sys_clk_IBUF_BUFG    | manual_device/om/sw0_1                    |                                                |                1 |              4 |
|  md/my_divclk/clk_16x | md/rx/data_out1[3]_i_1_n_0                |                                                |                2 |              4 |
|  sys_clk_IBUF_BUFG    |                                           | manual_device/FSM_onehot_next_state[4]_i_1_n_0 |                2 |              5 |
|  md/my_divclk/clk_x   | md/tx/present_state                       |                                                |                2 |              5 |
|  md/my_divclk/clk_x   | md/tx/data_in_buf                         |                                                |                1 |              6 |
|  sys_clk_IBUF_BUFG    | manual_device/om/next_cnt_0               |                                                |                2 |              8 |
|  md/my_divclk/clk_16x |                                           |                                                |                3 |              9 |
|  md/my_divclk/clk_16x | md/rx/clk_16x_cnt[15]_i_2_n_0             | md/rx/clk_16x_cnt[15]_i_1_n_0                  |                5 |             16 |
|  sys_clk_IBUF_BUFG    |                                           | md/my_divclk/clk_ms_1                          |                8 |             31 |
|  sys_clk_IBUF_BUFG    |                                           | md/my_divclk/clk_x_0                           |                8 |             31 |
|  sys_clk_IBUF_BUFG    |                                           | md/my_divclk/clk_16x_2                         |                8 |             31 |
|  sys_clk_IBUF_BUFG    |                                           |                                                |               14 |             32 |
|  sys_clk_IBUF_BUFG    |                                           | stop_engine_signal_IBUF                        |                7 |             32 |
|  sys_clk_IBUF_BUFG    |                                           | manual_device/om/ttt[31]_i_1_n_0               |                9 |             32 |
|  sys_clk_IBUF_BUFG    |                                           | manual_device/reverse_shutdown                 |                9 |             32 |
|  sys_clk_IBUF_BUFG    |                                           | manual_device/www                              |                8 |             32 |
|  sys_clk_IBUF_BUFG    | manual_device/p_0_in                      | manual_device/FSM_onehot_state_reg_n_0_[0]     |                8 |             32 |
+-----------------------+-------------------------------------------+------------------------------------------------+------------------+----------------+


+--------+-----------------------+
| Fanout | Number of ControlSets |
+--------+-----------------------+
| 1      |                     5 |
| 2      |                     1 |
| 3      |                     1 |
| 4      |                    10 |
| 5      |                     2 |
| 6      |                     1 |
| 8      |                     1 |
| 9      |                     1 |
| 16+    |                    10 |
+--------+-----------------------+


