#-----------------------------------------------------------
# Webtalk v2017.4 (64-bit)
# SW Build 2086221 on Fri Dec 15 20:55:39 MST 2017
# IP Build 2085800 on Fri Dec 15 22:25:07 MST 2017
# Start of session at: Wed Jan  4 15:45:45 2023
# Process ID: 5040
# Current directory: C:/Users/Maystern/Desktop/SUSTech_DigitalLogic_Project_a-real-car/src/SUSTech_DigitalLogic_Project_a-real-car.sim/sim_1/behav/xsim
# Command line: wbtcv.exe -mode batch -source C:/Users/Maystern/Desktop/SUSTech_DigitalLogic_Project_a-real-car/src/SUSTech_DigitalLogic_Project_a-real-car.sim/sim_1/behav/xsim/xsim.dir/SimulatedDevice_behav/webtalk/xsim_webtalk.tcl -notrace
# Log file: C:/Users/Maystern/Desktop/SUSTech_DigitalLogic_Project_a-real-car/src/SUSTech_DigitalLogic_Project_a-real-car.sim/sim_1/behav/xsim/webtalk.log
# Journal file: C:/Users/Maystern/Desktop/SUSTech_DigitalLogic_Project_a-real-car/src/SUSTech_DigitalLogic_Project_a-real-car.sim/sim_1/behav/xsim\webtalk.jou
#-----------------------------------------------------------
source C:/Users/Maystern/Desktop/SUSTech_DigitalLogic_Project_a-real-car/src/SUSTech_DigitalLogic_Project_a-real-car.sim/sim_1/behav/xsim/xsim.dir/SimulatedDevice_behav/webtalk/xsim_webtalk.tcl -notrace
